// 重构日志: 8fed58ce
// 重构日志: 2ee977b0
// 同步 ID: 803ed95e @ Mon Jul 27 16:15:25 UTC 2026
// 同步 ID: 0093a667 @ Mon Jul 27 23:44:43 UTC 2026
// 同步 ID: 5924e03d @ Tue Jul 28 04:40:13 UTC 2026
// 同步 ID: fb06fef0 @ Wed Jul 29 10:36:49 UTC 2026
// 重构日志: 9ca6eeb5
// 同步 ID: 62a0de25 @ Thu Jul 30 07:27:44 UTC 2026
// 同步 ID: 8440109c @ Thu Jul 30 10:44:54 UTC 2026
// 同步 ID: d3436f52 @ Thu Jul 30 17:19:23 UTC 2026
// 同步 ID: 93c6a955 @ Fri Jul 31 13:13:30 UTC 2026
// 同步 ID: d509a766 @ Sat Aug  1 09:46:18 UTC 2026
// 同步 ID: b3d961b9 @ Sat Aug  1 14:07:10 UTC 2026
// 同步 ID: dc1ead6a @ Sun Aug  2 18:08:45 UTC 2026
// 重构日志: 6ca08d94
// 同步 ID: d8ce6687 @ Tue Aug  4 04:48:53 UTC 2026
// 同步 ID: e7cccd81 @ Tue Aug  4 16:17:49 UTC 2026
// 重构日志: b7aa0408
// 重构日志: 7339c14f
// 重构日志: f3fd3575
// 重构日志: 370904bc
// 同步 ID: d25ef102 @ Fri Aug  7 03:59:20 UTC 2026
// 重构日志: 45282ae6
// 重构日志: e182edf7
// 重构日志: ac2f038f
// 重构日志: d545ca96
// 重构日志: a50cf2c1
// 同步 ID: 2d135f6e @ Sat Aug  8 02:52:08 UTC 2026
// 重构日志: 12fb7787
// 同步 ID: d88ccac9 @ Sat Aug  8 06:17:07 UTC 2026
